// Jest Snapshot v1, https://goo.gl/fbAQLP

exports[`ui form-control component snapshots should render form-control 1`] = `
<div
  className="form-control"
  data-jsx={2101790025}
>
  <a
    className="link default"
    data-jsx={1642471407}
    href="/profile"
    onClick={[Function]}
    style={undefined}
  >
    Cancel
  </a>
  <button
    className="success"
    data-jsx={2023613154}
    disabled={false}
    onClick={undefined}
    style={undefined}
    type="submit"
  >
    Save settings
  </button>
</div>
`;
